// Jest Snapshot v1, https://goo.gl/fbAQLP

exports[`Text field common component Component default snapshot 1`] = `"<div class=\\"md-text-field-container md-full-width md-text-field-container--input discover-form-text-field \\"><label for=\\"formTextField-textFieldId\\" class=\\"md-floating-label md-floating-label--inactive md-floating-label--inactive-sized md-text--secondary\\">Text label</label><input id=\\"formTextField-textFieldId\\" type=\\"text\\" class=\\"md-text-field md-text-field--floating-margin md-full-width md-text\\" value=\\"\\"><hr class=\\"md-divider md-divider--text-field md-divider--expand-from-left\\"></div>"`;

exports[`Text field common component Component snapshot after on change text input 1`] = `"<div class=\\"md-text-field-container md-full-width md-text-field-container--input discover-form-text-field \\"><label for=\\"formTextField-textFieldId\\" class=\\"md-floating-label md-floating-label--floating md-text--secondary\\">Text label</label><input id=\\"formTextField-textFieldId\\" type=\\"text\\" class=\\"md-text-field md-text-field--floating-margin md-full-width md-text\\" value=\\"newVal\\"><hr class=\\"md-divider md-divider--text-field md-divider--expand-from-left\\"></div>"`;

exports[`Text field common component Component snapshot after on force update 1`] = `"<div class=\\"md-text-field-container md-full-width md-text-field-container--input discover-form-text-field \\"><label for=\\"formTextField-textFieldId\\" class=\\"md-floating-label md-floating-label--floating md-text--secondary\\">Text label</label><input id=\\"formTextField-textFieldId\\" type=\\"text\\" class=\\"md-text-field md-text-field--floating-margin md-full-width md-text\\" value=\\"forced!\\"><hr class=\\"md-divider md-divider--text-field md-divider--expand-from-left\\"></div>"`;

exports[`Text field common component Component snapshot with label with key 1`] = `"<div class=\\"md-text-field-container md-full-width md-text-field-container--input discover-form-text-field \\"><label for=\\"formTextField-textFieldId\\" class=\\"md-floating-label md-floating-label--inactive md-floating-label--inactive-sized md-text--secondary\\">lang_key</label><input id=\\"formTextField-textFieldId\\" type=\\"text\\" class=\\"md-text-field md-text-field--floating-margin md-full-width md-text\\" value=\\"\\"><hr class=\\"md-divider md-divider--text-field md-divider--expand-from-left\\"></div>"`;
