// Jest Snapshot v1, https://goo.gl/fbAQLP

exports[`Button group field component Component default snapshot 1`] = `"<div id=\\"formButtonGroupField-field_id\\" class=\\"form-button-group-field-wrapper \\"><span class=\\"form-button-group-label\\">Some intro</span><div class=\\"form-button-group-field-buttons\\"><button id=\\"field_id-FirstButtonId\\" type=\\"button\\" class=\\"md-btn md-btn--flat md-btn--text md-pointer--hover md-text md-inline-block form-button-group-field-button selected\\"><div class=\\"md-ink-container\\"></div>First choice</button><button id=\\"field_id-Second ButtonId\\" type=\\"button\\" class=\\"md-btn md-btn--flat md-btn--text md-pointer--hover md-text md-inline-block form-button-group-field-button \\"><div class=\\"md-ink-container\\"></div>Second choice</button></div></div>"`;

exports[`Button group field component Component first option click 1`] = `"<div id=\\"formButtonGroupField-field_id\\" class=\\"form-button-group-field-wrapper \\"><span class=\\"form-button-group-label\\">Some intro</span><div class=\\"form-button-group-field-buttons\\"><button id=\\"field_id-FirstButtonId\\" type=\\"button\\" class=\\"md-btn md-btn--flat md-btn--text md-pointer--hover md-text md-inline-block form-button-group-field-button selected\\"><div class=\\"md-ink-container\\"></div>First choice</button><button id=\\"field_id-Second ButtonId\\" type=\\"button\\" class=\\"md-btn md-btn--flat md-btn--text md-pointer--hover md-text md-inline-block form-button-group-field-button \\"><div class=\\"md-ink-container\\"></div>Second choice</button></div></div>"`;

exports[`Button group field component Component second option as default value 1`] = `"<div id=\\"formButtonGroupField-field_id\\" class=\\"form-button-group-field-wrapper \\"><span class=\\"form-button-group-label\\">Some intro</span><div class=\\"form-button-group-field-buttons\\"><button id=\\"field_id-FirstButtonId\\" type=\\"button\\" class=\\"md-btn md-btn--flat md-btn--text md-pointer--hover md-text md-inline-block form-button-group-field-button \\"><div class=\\"md-ink-container\\"></div>First choice</button><button id=\\"field_id-Second ButtonId\\" type=\\"button\\" class=\\"md-btn md-btn--flat md-btn--text md-pointer--hover md-text md-inline-block form-button-group-field-button selected\\"><div class=\\"md-ink-container\\"></div>Second choice</button></div></div>"`;

exports[`Button group field component Component second option click 1`] = `"<div id=\\"formButtonGroupField-field_id\\" class=\\"form-button-group-field-wrapper \\"><span class=\\"form-button-group-label\\">Some intro</span><div class=\\"form-button-group-field-buttons\\"><button id=\\"field_id-FirstButtonId\\" type=\\"button\\" class=\\"md-btn md-btn--flat md-btn--text md-pointer--hover md-text md-inline-block form-button-group-field-button \\"><div class=\\"md-ink-container\\"></div>First choice</button><button id=\\"field_id-Second ButtonId\\" type=\\"button\\" class=\\"md-btn md-btn--flat md-btn--text md-pointer--hover md-text md-inline-block form-button-group-field-button selected\\"><div class=\\"md-ink-container\\"></div>Second choice</button></div></div>"`;

exports[`Button group field component Component without default value 1`] = `"<div id=\\"formButtonGroupField-field_id\\" class=\\"form-button-group-field-wrapper \\"><span class=\\"form-button-group-label\\">Some intro</span><div class=\\"form-button-group-field-buttons\\"><button id=\\"field_id-FirstButtonId\\" type=\\"button\\" class=\\"md-btn md-btn--flat md-btn--text md-pointer--hover md-text md-inline-block form-button-group-field-button selected\\"><div class=\\"md-ink-container\\"></div>First choice</button><button id=\\"field_id-Second ButtonId\\" type=\\"button\\" class=\\"md-btn md-btn--flat md-btn--text md-pointer--hover md-text md-inline-block form-button-group-field-button \\"><div class=\\"md-ink-container\\"></div>Second choice</button></div></div>"`;
