// Jest Snapshot v1, https://goo.gl/fbAQLP

exports[`Date field common component Component default snapshot 1`] = `"<div class=\\"react-base-form-date-field\\"><div class=\\"md-picker-container\\"><div class=\\"md-text-field-container md-full-width md-text-field-container--input md-pointer--hover\\"><label for=\\"formDateField-dateFieldId\\" class=\\"md-floating-label md-floating-label--floating md-text--secondary\\">insert_article.modal.form.date</label><input readonly=\\"\\" id=\\"formDateField-dateFieldId\\" type=\\"text\\" class=\\"md-text-field md-text-field--floating-margin md-full-width md-text md-pointer--hover\\" value=\\"10/28/2019\\"><hr class=\\"md-divider md-divider--text-field md-divider--expand-from-left\\"></div></div></div>"`;

exports[`Date field common component Component snapshot after on force update 1`] = `"<div class=\\"react-base-form-date-field\\"><div class=\\"md-picker-container\\"><div class=\\"md-text-field-container md-full-width md-text-field-container--input md-pointer--hover\\"><label for=\\"formDateField-dateFieldId\\" class=\\"md-floating-label md-floating-label--floating md-text--secondary\\">insert_article.modal.form.date</label><input readonly=\\"\\" id=\\"formDateField-dateFieldId\\" type=\\"text\\" class=\\"md-text-field md-text-field--floating-margin md-full-width md-text md-pointer--hover\\" value=\\"1/1/1970\\"><hr class=\\"md-divider md-divider--text-field md-divider--expand-from-left\\"></div></div></div>"`;
