// Jest Snapshot v1, https://goo.gl/fbAQLP

exports[`<SerachDateRange /> Test component snapshot 1`] = `""`;

exports[`<SerachDateRange /> Test with custom date ranges 1`] = `
"<div id=\\"searchDateRange\\">
  <DatePickerContainer id=\\"searchDateRangeBeginDate\\" label=\\"filters.period.custom.begin_date\\" okLabel=\\"filters.period.custom.dialog.ok\\" cancelLabel=\\"filters.period.custom.dialog.cancel\\" fullWidth={false} portal={true} icon={{...}} defaultValue={{...}} value={{...}} locales=\\"en-GB\\" minDate={{...}} maxDate={{...}} onChange={[Function: onChange]} animateInline={true} previousIcon={{...}} nextIcon={{...}} autoOk={false} yearsDisplayed={100} defaultCalendarMode=\\"calendar\\" DateTimeFormat={[Function: DateTimeFormat]} okPrimary={true} cancelPrimary={true} closeOnEsc={true} closeYearOnSelect={false} disableScrollLocking={false} aria-label=\\"Pick a date\\" />
  <DatePickerContainer id=\\"searchDateRangeEndDate\\" label=\\"filters.period.custom.end_date\\" okLabel=\\"filters.period.custom.dialog.ok\\" cancelLabel=\\"filters.period.custom.dialog.cancel\\" portal={true} fullWidth={false} icon={{...}} defaultValue={{...}} value={{...}} locales=\\"en-GB\\" minDate={{...}} maxDate={{...}} onChange={[Function: onChange]} animateInline={true} previousIcon={{...}} nextIcon={{...}} autoOk={false} yearsDisplayed={100} defaultCalendarMode=\\"calendar\\" DateTimeFormat={[Function: DateTimeFormat]} okPrimary={true} cancelPrimary={true} closeOnEsc={true} closeYearOnSelect={false} disableScrollLocking={false} aria-label=\\"Pick a date\\" />
</div>"
`;
