// Jest Snapshot v1, https://goo.gl/fbAQLP

exports[`<Article /> Test component snapshot 1`] = `
"<div id=\\"article\\">
  <Connect(ArticleFacets) />
  <div className=\\"main-drawer\\">
    <Connect(ArticleForm) />
    <Connect(ArticleActions) />
    <Connect(SearchResults) />
    <Connect(SearchPaginator) />
  </div>
</div>"
`;
